0 fffffdba trap_BotLibSourceFileAndLine
0 fffffdbb trap_BotLibReadToken
0 fffffdbc trap_BotLibFreeSource
0 fffffdbd trap_BotLibLoadSource
0 fffffdbe trap_AAS_PointReachabilityAreaIndex
0 fffffdbf trap_AAS_PredictRoute
0 fffffdc0 trap_AAS_AlternativeRouteGoals
0 fffffdc1 trap_BotAddAvoidSpot
0 fffffdc2 trap_BotSetAvoidGoalTime
0 fffffdc3 trap_BotPredictVisiblePosition
0 fffffdc4 trap_BotRemoveFromAvoidGoals
0 fffffdc5 trap_BotGetChatMessage
0 fffffdc6 trap_BotNumInitialChats
0 fffffdc7 trap_BotGetMapLocationGoal
0 fffffdc8 trap_BotGetNextCampSpotGoal
0 fffffdc9 trap_BotMutateGoalFuzzyLogic
0 fffffdca trap_BotInterbreedGoalFuzzyLogic
0 fffffdcb trap_GeneticParentsAndChildSelection
0 fffffdcc trap_BotResetWeaponState
0 fffffdcd trap_BotFreeWeaponState
0 fffffdce trap_BotAllocWeaponState
0 fffffdcf trap_BotLoadWeaponWeights
0 fffffdd0 trap_BotGetWeaponInfo
0 fffffdd1 trap_BotChooseBestFightWeapon
0 fffffdd2 trap_BotInitMoveState
0 fffffdd3 trap_BotFreeMoveState
0 fffffdd4 trap_BotAllocMoveState
0 fffffdd5 trap_BotMovementViewTarget
0 fffffdd6 trap_BotReachabilityArea
0 fffffdd7 trap_BotResetLastAvoidReach
0 fffffdd8 trap_BotResetAvoidReach
0 fffffdd9 trap_BotMoveInDirection
0 fffffdda trap_BotMoveToGoal
0 fffffddb trap_BotResetMoveState
0 fffffddc trap_BotFreeGoalState
0 fffffddd trap_BotAllocGoalState
0 fffffdde trap_BotFreeItemWeights
0 fffffdde trap_BotSaveGoalFuzzyLogic
0 fffffde0 trap_BotLoadItemWeights
0 fffffde1 trap_BotUpdateEntityItems
0 fffffde2 trap_BotInitLevelItems
0 fffffde3 trap_BotAvoidGoalTime
0 fffffde4 trap_BotGetLevelItemGoal
0 fffffde5 trap_BotItemGoalInVisButNotVisible
0 fffffde6 trap_BotTouchingGoal
0 fffffde7 trap_BotChooseNBGItem
0 fffffde8 trap_BotChooseLTGItem
0 fffffde9 trap_BotGetSecondGoal
0 fffffdea trap_BotGetTopGoal
0 fffffdeb trap_BotGoalName
0 fffffdec trap_BotDumpGoalStack
0 fffffded trap_BotDumpAvoidGoals
0 fffffdee trap_BotEmptyGoalStack
0 fffffdef trap_BotPopGoal
0 fffffdf0 trap_BotPushGoal
0 fffffdf1 trap_BotResetAvoidGoals
0 fffffdf2 trap_BotResetGoalState
0 fffffdf3 trap_BotSetChatName
0 fffffdf4 trap_BotSetChatGender
0 fffffdf5 trap_BotLoadChatFile
0 fffffdf6 trap_BotReplaceSynonyms
0 fffffdf7 trap_UnifyWhiteSpaces
0 fffffdf8 trap_BotMatchVariable
0 fffffdf9 trap_BotFindMatch
0 fffffdfa trap_StringContains
0 fffffdfb trap_BotEnterChat
0 fffffdfc trap_BotChatLength
0 fffffdfd trap_BotReplyChat
0 fffffdfe trap_BotInitialChat
0 fffffdff trap_BotNumConsoleMessages
0 fffffe00 trap_BotNextConsoleMessage
0 fffffe01 trap_BotRemoveConsoleMessage
0 fffffe02 trap_BotQueueConsoleMessage
0 fffffe03 trap_BotFreeChatState
0 fffffe04 trap_BotAllocChatState
0 fffffe05 trap_Characteristic_String
0 fffffe06 trap_Characteristic_BInteger
0 fffffe07 trap_Characteristic_Integer
0 fffffe08 trap_Characteristic_BFloat
0 fffffe09 trap_Characteristic_Float
0 fffffe0a trap_BotFreeCharacter
0 fffffe0b trap_BotLoadCharacter
0 fffffe58 trap_EA_ResetInput
0 fffffe59 trap_EA_GetInput
0 fffffe5a trap_EA_EndRegular
0 fffffe5b trap_EA_View
0 fffffe5c trap_EA_Move
0 fffffe5d trap_EA_DelayedJump
0 fffffe5e trap_EA_Jump
0 fffffe5f trap_EA_SelectWeapon
0 fffffe60 trap_EA_MoveRight
0 fffffe61 trap_EA_MoveLeft
0 fffffe62 trap_EA_MoveBack
0 fffffe63 trap_EA_MoveForward
0 fffffe64 trap_EA_MoveDown
0 fffffe65 trap_EA_MoveUp
0 fffffe66 trap_EA_Crouch
0 fffffe67 trap_EA_Respawn
0 fffffe68 trap_EA_Use
0 fffffe69 trap_EA_Attack
0 fffffe6a trap_EA_Talk
0 fffffe6b trap_EA_Gesture
0 fffffe6c trap_EA_Action
0 fffffe6d trap_EA_Command
0 fffffe6e trap_EA_SayTeam
0 fffffe6f trap_EA_Say
0 fffffec1 trap_AAS_PredictClientMovement
0 fffffec2 trap_AAS_Swimming
0 fffffec3 trap_AAS_AreaTravelTimeToGoalArea
0 fffffec4 trap_AAS_AreaReachability
0 fffffec5 trap_AAS_IntForBSPEpairKey
0 fffffec6 trap_AAS_FloatForBSPEpairKey
0 fffffec7 trap_AAS_VectorForBSPEpairKey
0 fffffec8 trap_AAS_ValueForBSPEpairKey
0 fffffec9 trap_AAS_NextBSPEntity
0 fffffeca trap_AAS_PointContents
0 fffffecb trap_AAS_TraceAreas
0 fffffecc trap_AAS_PointAreaNum
0 fffffecd trap_AAS_Time
0 fffffece trap_AAS_PresenceTypeBoundingBox
0 fffffecf trap_AAS_Initialized
0 fffffed0 trap_AAS_EntityInfo
0 fffffed1 trap_AAS_AreaInfo
0 fffffed2 trap_AAS_BBoxAreas
0 fffffed3 trap_AAS_EnableRoutingArea
0 ffffff2c trap_BotUserCommand
0 ffffff2d trap_BotGetServerCommand
0 ffffff2e trap_BotGetSnapshotEntity
0 ffffff2f trap_BotLibTest
0 ffffff30 trap_BotLibUpdateEntity
0 ffffff31 trap_BotLibLoadMap
0 ffffff32 trap_BotLibStartFrame
0 ffffff33 trap_BotLibDefine
0 ffffff34 trap_BotLibVarGet
0 ffffff35 trap_BotLibVarSet
0 ffffff36 trap_BotLibShutdown
0 ffffff37 trap_BotLibSetup
0 ffffff8e testPrintFloat
0 ffffff8f testPrintInt
0 ffffff90 ceil
0 ffffff91 floor
0 ffffff95 sqrt
0 ffffff96 atan2
0 ffffff97 cos
0 ffffff98 sin
0 ffffff99 strncpy
0 ffffff9a memcpy
0 ffffff9b memset
0 ffffffd2 trap_FS_Seek
0 ffffffd3 trap_EntityContactCapsule
0 ffffffd4 trap_TraceCapsule
0 ffffffd5 trap_SnapVector
0 ffffffd6 trap_RealTime
0 ffffffd7 trap_DebugPolygonDelete
0 ffffffd8 trap_DebugPolygonCreate
0 ffffffd9 trap_FS_GetFileList
0 ffffffda trap_GetEntityToken
0 ffffffdb trap_GetUsercmd
0 ffffffdc trap_BotFreeClient
0 ffffffdd trap_BotAllocateClient
0 ffffffde trap_EntityContact
0 ffffffdf trap_EntitiesInBox
0 ffffffe0 trap_UnlinkEntity
0 ffffffe1 trap_LinkEntity
0 ffffffe2 trap_AreasConnected
0 ffffffe3 trap_AdjustAreaPortalState
0 ffffffe4 trap_InPVSIgnorePortals
0 ffffffe5 trap_InPVS
0 ffffffe6 trap_PointContents
0 ffffffe7 trap_Trace
0 ffffffe8 trap_SetBrushModel
0 ffffffe9 trap_GetServerinfo
0 ffffffea trap_SetUserinfo
0 ffffffeb trap_GetUserinfo
0 ffffffec trap_GetConfigstring
0 ffffffed trap_SetConfigstring
0 ffffffee trap_SendServerCommand
0 ffffffef trap_DropClient
0 fffffff0 trap_LocateGameData
0 fffffff1 trap_SendConsoleCommand
0 fffffff2 trap_FS_FCloseFile
0 fffffff3 trap_FS_Write
0 fffffff4 trap_FS_Read
0 fffffff5 trap_FS_FOpenFile
0 fffffff6 trap_Argv
0 fffffff7 trap_Argc
0 fffffff8 trap_Cvar_VariableStringBuffer
0 fffffff9 trap_Cvar_VariableIntegerValue
0 fffffffa trap_Cvar_Set
0 fffffffb trap_Cvar_Update
0 fffffffc trap_Cvar_Register
0 fffffffd trap_Milliseconds
0 fffffffe trap_Error
0 ffffffff trap_Printf
0        0 vmMain
0       96 G_Printf
0       af G_Error
0       c8 G_FindTeams
0      1cc G_RemapTeamShaders
0      1cf G_RegisterCvars
0      243 G_UpdateCvars
0      2b7 G_InitGame
0      3f1 G_ShutdownGame
0      420 Com_Error
0      43b Com_Printf
0      456 AddTournamentPlayer
0      4d5 RemoveTournamentLoser
0      4fc RemoveTournamentWinner
0      523 AdjustTournamentScores
0      578 SortRanks
0      64d CalculateRanks
0      8c6 SendScoreboardMessageToAllClients
0      8ef MoveClientToIntermission
0      95f FindIntermissionPoint
0      9cd BeginIntermission
0      a25 ExitLevel
0      aad G_LogPrintf
0      b19 LogExit
0      bab CheckIntermissionExit
0      c6c ScoreIsTied
0      cb5 CheckExitRules
0      db0 CheckTournament
0      f04 CheckVote
0      f67 PrintTeam
0      f92 SetLeader
0     104a CheckTeamLeader
0     10e2 CheckTeamVote
0     11a5 CheckCvars
0     11d2 G_RunThink
0     120b G_RunFrame
0     138c BG_FindItemForPowerup
0     13cf BG_FindItemForHoldable
0     1409 BG_FindItemForWeapon
0     143c BG_FindItem
0     1467 BG_PlayerTouchesItem
0     14c7 BG_CanItemBeGrabbed
0     15f8 BG_EvaluateTrajectory
0     17c8 BG_EvaluateTrajectoryDelta
0     18c2 BG_AddPredictableEventToPlayerstate
0     18fd BG_TouchJumpPad
0     196d BG_PlayerStateToEntityState
0     1b67 BG_PlayerStateToEntityStateExtraPolate
0     1d6e swapfunc
0     1df5 med3
0     1e78 qsort
0     2231 strlen
0     224c strcat
0     228f strcpy
0     22c4 strcmp
0     22fd strchr
0     231c strstr
0     2362 tolower
0     237a toupper
0     2392 memmove
0     23d9 tan
0     23f0 srand
0     23f7 rand
0     240c atof
0     24d1 _atof
0     259c atoi
0     2614 _atoi
0     2696 abs
0     26ab fabs
0     26c0 AddInt
0     279b AddFloat
0     28a9 AddString
0     2940 vsprintf
0     2ad8 sscanf
0     2b43 PM_AddEvent
0     2b52 PM_AddTouchEnt
0     2ba7 PM_StartTorsoAnim
0     2bcd PM_StartLegsAnim
0     2bfd PM_ContinueLegsAnim
0     2c1d PM_ContinueTorsoAnim
0     2c3d PM_ForceLegsAnim
0     2c4d PM_ClipVelocity
0     2cc6 PM_Friction
0     2db9 PM_Accelerate
0     2e35 PM_CmdScale
0     2ed9 PM_SetMovementDir
0     3025 PM_CheckJump
0     30b2 PM_CheckWaterJump
0     3199 PM_WaterJumpMove
0     31da PM_WaterMove
0     330b PM_FlyMove
0     3396 PM_AirMove
0     3439 PM_GrappleMove
0     34f0 PM_WalkMove
0     36ec PM_DeadMove
0     3765 PM_NoclipMove
0     38b9 PM_FootstepForSurface
0     38d2 PM_CrashLand
0     39cf PM_CorrectAllSolid
0     3ab6 PM_GroundTraceMissed
0     3b4f PM_GroundTrace
0     3cc0 PM_SetWaterLevel
0     3d8d PM_CheckDuck
0     3ede PM_Footsteps
0     4050 PM_WaterEvents
0     40a7 PM_BeginWeaponChange
0     40f1 PM_FinishWeaponChange
0     4139 PM_TorsoAnimation
0     4158 PM_Weapon
0     437e PM_Animate
0     43a3 PM_DropTimers
0     442d PM_UpdateViewAngles
0     44d1 PmoveSingle
0     47a4 Pmove
0     4830 PM_SlideMove
0     4c20 PM_StepSlideMove
0     4db1 Q_rand
0     4dc6 Q_random
0     4dd8 Q_crandom
0     4de9 VectorCompare
0     4e21 VectorLength
0     4e54 VectorLengthSquared
0     4e80 Distance
0     4ec1 DistanceSquared
0     4f0f VectorNormalizeFast
0     4f6e VectorInverse
0     4f96 CrossProduct
0     500f ClampChar
0     5026 ClampShort
0     503d DirToByte
0     5098 ByteToDir
0     50b6 ColorBytes3
0     5125 ColorBytes4
0     51b7 NormalizeColor
0     522d PlaneFromPoints
0     52eb RotatePointAroundVector
0     53f6 RotateAroundDirection
0     543a vectoangles
0     54f6 AnglesToAxis
0     552b AxisClear
0     5562 AxisCopy
0     5586 ProjectPointOnPlane
0     5641 MakeNormalVectors
0     56ec VectorRotate
0     5789 Q_rsqrt
0     57c0 Q_fabs
0     57d0 LerpAngle
0     5801 AngleSubtract
0     5826 AnglesSubtract
0     5874 AngleMod
0     5886 AngleNormalize360
0     5894 AngleNormalize180
0     58af AngleDelta
0     58bf SetPlaneSignbits
0     58ec BoxOnPlaneSide
0     5cad RadiusFromBounds
0     5d00 ClearBounds
0     5d37 AddPointToBounds
0     5dd0 VectorNormalize
0     5e40 VectorNormalize2
0     5ece _VectorMA
0     5f10 _DotProduct
0     5f45 _VectorSubtract
0     5f7e _VectorAdd
0     5fb7 _VectorCopy
0     5fde _VectorScale
0     600e Vector4Scale
0     6050 Q_log2
0     606f MatrixMultiply
0     6244 AngleVectors
0     633c PerpendicularVector
0     63a8 Com_Clamp
0     63c2 COM_SkipPath
0     63e6 COM_StripExtension
0     641c COM_DefaultExtension
0     6464 ShortSwap
0     6484 ShortNoSwap
0     648f LongSwap
0     64c2 LongNoSwap
0     64c8 Long64Swap
0     6505 Long64NoSwap
0     650d FloatSwap
0     6523 FloatNoSwap
0     652a COM_BeginParseSession
0     653c COM_GetCurrentParseLine
0     6542 COM_Parse
0     6551 COM_ParseError
0     6571 COM_ParseWarning
0     6591 SkipWhitespace
0     65c8 COM_Compress
0     671b COM_ParseExt
0     6867 COM_MatchToken
0     6890 SkipBracedSection
0     68ce SkipRestOfLine
0     6906 Parse1DMatrix
0     6945 Parse2DMatrix
0     6980 Parse3DMatrix
0     69c5 Q_isprint
0     69da Q_islower
0     69ef Q_isupper
0     6a04 Q_isalpha
0     6a25 Q_strrchr
0     6a59 Q_strncpyz
0     6a94 Q_stricmpn
0     6b1f Q_strncmp
0     6b71 Q_stricmp
0     6b99 Q_strlwr
0     6bbf Q_strupr
0     6be5 Q_strcat
0     6c11 Q_PrintStrlen
0     6c61 Q_CleanStr
0     6cc7 Com_sprintf
0     6d06 va
0     6d33 Info_ValueForKey
0     6e13 Info_NextPair
0     6eb1 Info_RemoveKey
0     6f81 Info_RemoveKey_Big
0     7051 Info_Validate
0     7078 Info_SetValueForKey
0     7148 Info_SetValueForKey_Big
0     7210 BotResetNodeSwitches
0     7216 BotDumpNodeSwitches
0     7257 BotRecordNodeSwitch
0     7293 BotGetAirGoal
0     7350 BotGoForAir
0     73cd BotNearbyGoal
0     743d BotReachedGoal
0     7545 BotGetItemLongTermGoal
0     75dc BotGetLongTermGoal
0     8509 BotLongTermGoal
0     878e AIEnter_Intermission
0     87ca AINode_Intermission
0     880d AIEnter_Observer
0     8829 AINode_Observer
0     8841 AIEnter_Stand
0     8860 AINode_Stand
0     8909 AIEnter_Respawn
0     898d AINode_Respawn
0     8a0d BotSelectActivateWeapon
0     8acf BotClearPath
0     8d3c AIEnter_Seek_ActivateEntity
0     8d52 AINode_Seek_ActivateEntity
0     91a1 AIEnter_Seek_NBG
0     91e0 AINode_Seek_NBG
0     9466 AIEnter_Seek_LTG
0     94a5 AINode_Seek_LTG
0     980e AIEnter_Battle_Fight
0     982d AIEnter_Battle_SuicidalFight
0     985a AINode_Battle_Fight
0     9b32 AIEnter_Battle_Chase
0     9b4f AINode_Battle_Chase
0     9e12 AIEnter_Battle_Retreat
0     9e28 AINode_Battle_Retreat
0     a147 AIEnter_Battle_NBG
0     a15d AINode_Battle_NBG
0     a3f5 BotSetUserInfo
0     a424 BotCTFCarryingFlag
0     a447 BotTeam
0     a49c BotOppositeTeam
0     a4be BotEnemyFlag
0     a4d2 BotTeamFlag
0     a4e6 EntityIsDead
0     a50d EntityCarriesFlag
0     a52c EntityIsInvisible
0     a54d EntityIsShooting
0     a55f EntityIsChatting
0     a571 EntityHasQuad
0     a583 BotRememberLastOrderedTask
0     a5cc BotSetTeamStatus
0     a5cf BotSetLastOrderedTask
0     a6d7 BotRefuseOrder
0     a718 BotCTFSeekGoals
0     acae BotCTFRetreatGoals
0     acf8 BotTeamGoals
0     ad1b BotPointAreaNum
0     ad5a ClientName
0     ada8 ClientSkin
0     adf0 ClientFromName
0     ae43 ClientOnSameTeamFromName
0     aea6 stristr
0     af08 EasyClientName
0     b099 BotSynonymContext
0     b0bf BotChooseWeapon
0     b126 BotSetupForMovement
0     b1e7 BotCheckItemPickup
0     b1ea BotUpdateInventory
0     b4a9 BotUpdateBattleInventory
0     b4ef BotBattleUseItems
0     b52b BotSetTeleportTime
0     b556 BotIsDead
0     b56b BotIsObserver
0     b5a1 BotIntermission
0     b5c6 BotInLavaOrSlime
0     b5e0 BotCreateWayPoint
0     b63e BotFindWayPoint
0     b669 BotFreeWaypoints
0     b688 BotInitWaypoints
0     b6ac TeamPlayIsOn
0     b6be BotAggression
0     b7a2 BotFeelingBad
0     b7d3 BotWantsToRetreat
0     b825 BotWantsToChase
0     b870 BotWantsToHelp
0     b875 BotCanAndWantsToRocketJump
0     b8dc BotHasPersistantPowerupAndWeapon
0     b9ae BotGoCamp
0     ba2a BotWantsToCamp
0     bb5c BotDontAvoid
0     bb90 BotGoForPowerups
0     bbc1 BotRoamGoal
0     bd5e BotAttackMove
0     c04c BotSameTeam
0     c0ba InFieldOfVision
0     c13c BotEntityVisible
0     c39e BotFindEnemy
0     c62e BotTeamFlagCarrierVisible
0     c6a7 BotTeamFlagCarrier
0     c6f9 BotEnemyFlagCarrierVisible
0     c772 BotVisibleTeamMatesAndEnemies
0     c84a BotAimAtEnemy
0     d060 BotCheckAttack
0     d2e5 BotMapScripts
0     d4c0 BotSetMovedir
0     d4fb BotModelMinsMaxs
0     d5f3 BotFuncButtonActivateGoal
0     db16 BotFuncDoorActivateGoal
0     dbe6 BotTriggerMultipleActivateGoal
0     dd35 BotPopFromActivateGoalStack
0     dd70 BotPushOntoActivateGoalStack
0     de09 BotClearActivateGoalStack
0     de1b BotEnableActivateGoalAreas
0     de6b BotIsGoingToActivateEntity
0     ded9 BotGetActivateGoal
0     e370 BotGoForActivateGoal
0     e3c3 BotPrintActivateGoalInfo
0     e445 BotRandomMove
0     e486 BotAIBlocked
0     e669 BotAIPredictObstacles
0     e764 BotCheckConsoleMessages
0     e96f BotCheckForGrenades
0     e99d BotCheckEvents
0     ebba BotCheckSnapshot
0     ec25 BotCheckAir
0     ec47 BotAlternateRoute
0     ecaa BotGetAlternateRouteGoal
0     ed4e BotSetupAlternativeRouteGoals
0     ed5a BotDeathmatchAI
0     ef69 BotSetEntityNumForGoalWithModel
0     eff1 BotSetEntityNumForGoal
0     f065 BotGoalForBSPEntity
0     f0fd BotSetupDeathmatchAI
0     f1e6 BotShutdownDeathmatchAI
0     f1ec BotGetItemTeamGoal
0     f22b BotGetMessageTeamGoal
0     f268 BotGetTime
0     f2e7 FindClientByName
0     f35a FindEnemyByName
0     f3ed NumPlayersOnSameTeam
0     f444 BotGetPatrolWaypoints
0     f57c BotAddressedToBot
0     f695 BotGPSToPosition
0     f72d BotMatch_HelpAccompany
0     f966 BotMatch_DefendKeyArea
0     fa1c BotMatch_GetItem
0     fab4 BotMatch_Camp
0     fc81 BotMatch_Patrol
0     fd1d BotMatch_GetFlag
0     fdb1 BotMatch_AttackEnemyBase
0     fe31 BotMatch_RushBase
0     feb1 BotMatch_TaskPreference
0     ff79 BotMatch_ReturnFlag
0     ffec BotMatch_JoinSubteam
0    10057 BotMatch_LeaveSubteam
0    100c2 BotMatch_WhichTeam
0    10120 BotMatch_CheckPoint
0    10282 BotMatch_FormationSpace
0    102e0 BotMatch_Dismiss
0    10344 BotMatch_Suicide
0    10398 BotMatch_StartTeamLeaderShip
0    103f7 BotMatch_StopTeamLeaderShip
0    10468 BotMatch_WhoIsTeamLeader
0    1049c BotMatch_WhatAreYouDoing
0    105b7 BotMatch_WhatIsMyCommand
0    105de BotNearestVisibleItem
0    1067b BotMatch_WhereAreYou
0    107ad BotMatch_LeadTheWay
0    1090b BotMatch_Kill
0    109a8 BotMatch_CTF
0    10a81 BotMatch_EnterGame
0    10aa6 BotMatch_NewLeader
0    10adb BotMatchMessage
0    10c3f BotVoiceChat_Defend
0    10c42 BotValidTeamLeader
0    10c69 BotNumTeamMates
0    10ce8 BotClientTravelTimeToGoal
0    10d19 BotSortTeamMatesByBaseTravelTime
0    10e37 BotSetTeamMateTaskPreference
0    10e59 BotGetTeamMateTaskPreference
0    10e90 BotSortTeamMatesByTaskPreference
0    10f90 BotSayTeamOrderAlways
0    10fdf BotSayTeamOrder
0    10feb BotVoiceChat
0    10fee BotVoiceChatOnly
0    10ff1 BotSayVoiceTeamOrder
0    10ff4 BotCTFOrders_BothFlagsNotAtBase
0    112b9 BotCTFOrders_FlagNotAtBase
0    11631 BotCTFOrders_EnemyFlagNotAtBase
0    118a2 BotCTFOrders_BothFlagsAtBase
0    11c1e BotCTFOrders
0    11c86 BotCreateGroup
0    11ce8 BotTeamOrders
0    11de1 FindHumanTeamLeader
0    11e45 BotTeamAI
0    1206a BotAI_Print
0    120c4 BotAI_Trace
0    12132 BotAI_GetClientState
0    12163 BotAI_GetEntityState
0    121a8 BotAI_GetSnapshotEntity
0    121d9 BotAI_BotInitialChat
0    1225b BotTestAAS
0    122d2 BotReportStatus
0    1245a BotTeamplayReport
0    1254d BotSetInfoConfigString
0    126b6 BotUpdateInfoConfigStrings
0    12717 BotInterbreedBots
0    127f0 BotWriteInterbreeded
0    12858 BotInterbreedEndMatch
0    12892 BotInterbreeding
0    12929 BotEntityInfo
0    12935 NumBots
0    1293b BotTeamLeader
0    1296b AngleDifference
0    12993 BotChangeViewAngle
0    129ff BotChangeViewAngles
0    12c0a BotInputToUserCommand
0    12efd BotUpdateInput
0    12fba BotAIRegularUpdate
0    12fcb RemoveColorEscapeSequences
0    1303f BotAI
0    13272 BotScheduleBotThink
0    132b1 BotWriteSessionData
0    13341 BotReadSessionData
0    133be BotAISetupClient
0    135ff BotAIShutdownClient
0    1369e BotResetState
0    137b7 BotAILoadMap
0    13808 BotAIStartFrame
0    13b46 BotInitLibrary
0    13d25 BotAISetup
0    13dcf BotAIShutdown
0    13e0d BotNumActivePlayers
0    13e7e BotIsFirstInRankings
0    13efd BotIsLastInRankings
0    13f7c BotFirstClientInRankings
0    14008 BotLastClientInRankings
0    14094 BotRandomOpponentName
0    14173 BotMapTitle
0    14194 BotWeaponNameForMeansOfDeath
0    141d5 BotRandomWeaponName
0    1421e BotVisibleEnemies
0    142ab BotValidChatPosition
0    14374 BotChat_EnterGame
0    1442a BotChat_ExitGame
0    144d1 BotChat_StartLevel
0    14578 BotChat_EndLevel
0    146cd BotChat_Death
0    14952 BotChat_Kill
0    14ab5 BotChat_EnemySuicide
0    14b6e BotChat_HitTalking
0    14c5a BotChat_HitNoDeath
0    14d63 BotChat_HitNoKill
0    14e40 BotChat_Random
0    14fd0 BotChatTime
0    14fe9 BotChatTest
0    1589d P_DamageFeedback
0    15960 P_WorldEffects
0    15b07 G_SetClientSound
0    15b38 ClientImpacts
0    15bdb G_TouchTriggers
0    15dbd SpectatorThink
0    15e46 ClientInactivityTimer
0    15ee8 ClientTimerActions
0    15fd3 ClientIntermissionThink
0    1602e ClientEvents
0    161ac SendPendingPredictableEvents
0    16258 ClientThink_real
0    165af ClientThink
0    165ea G_RunClient
0    16611 SpectatorClientEndFrame
0    166e6 ClientEndFrame
0    167be UpdateTournamentInfo
0    16906 SpawnModelOnVictoryPad
0    16afa CelebrateStop
0    16b24 CelebrateStart
0    16b57 PodiumPlacementThink
0    16df3 SpawnPodium
0    16ed0 SpawnModelsOnVictoryPads
0    16f72 Svcmd_AbortPodium_f
0    16f8c trap_Cvar_VariableValue
0    16fa2 G_ParseInfos
0    17090 G_LoadArenasFromFile
0    17110 G_LoadArenas
0    171ba G_GetArenaInfoByMap
0    171f5 PlayerIntroSound
0    17246 G_AddRandomBot
0    173b3 G_RemoveRandomBot
0    1741f G_CountHumanPlayers
0    17472 G_CountBotPlayers
0    174ef G_CheckMinimumPlayers
0    17623 G_CheckBotSpawn
0    17681 AddBotToSpawnQueue
0    176bc G_RemoveQueuedBotBegin
0    176e0 G_BotConnect
0    17742 G_AddBot
0    179b5 Svcmd_AddBot_f
0    17a4c Svcmd_BotList_f
0    17b00 G_SpawnBots
0    17bb2 G_LoadBotsFromFile
0    17c32 G_LoadBots
0    17cbf G_GetBotInfoByNumber
0    17cea G_GetBotInfoByName
0    17d29 G_InitBots
0    17e18 SP_info_player_deathmatch
0    17e51 SP_info_player_start
0    17e60 SP_info_player_intermission
0    17e63 SpotWouldTelefrag
0    17ee4 SelectNearestDeathmatchSpawnPoint
0    17f48 SelectRandomDeathmatchSpawnPoint
0    17fa8 SelectRandomFurthestSpawnPoint
0    18118 SelectSpawnPoint
0    1812b SelectInitialSpawnPoint
0    18190 SelectSpectatorSpawnPoint
0    181a0 InitBodyQue
0    181d0 BodySink
0    18202 CopyToBodyQue
0    1837e SetClientViewAngle
0    183d6 respawn
0    18406 TeamCount
0    18447 TeamLeader
0    18488 PickTeam
0    184c2 ClientCleanName
0    185b7 ClientUserinfoChanged
0    188a2 ClientConnect
0    189cc ClientBegin
0    18a81 ClientSpawn
0    18e29 ClientDisconnect
0    18f40 DeathmatchScoreboardMessage
0    1906e Cmd_Score_f
0    19077 CheatsOk
0    190b5 ConcatArgs
0    19120 SanitizeString
0    19172 ClientNumberFromString
0    1923e Cmd_Give_f
0    19405 Cmd_God_f
0    1944a Cmd_Notarget_f
0    1948f Cmd_Noclip_f
0    194e2 Cmd_LevelShot_f
0    19513 Cmd_TeamTask_f
0    1956a Cmd_Kill_f
0    195bc BroadcastTeamChange
0    19636 SetTeam
0    19889 StopFollowing
0    198d8 Cmd_Team_f
0    1998e Cmd_Follow_f
0    19a28 Cmd_FollowCycle_f
0    19acd G_SayTo
0    19b5e G_Say
0    19cc0 Cmd_Say_f
0    19cf9 Cmd_Tell_f
0    19da3 G_VoiceTo
0    19e19 G_Voice
0    19e7d Cmd_Voice_f
0    19eb9 Cmd_VoiceTell_f
0    19f69 Cmd_VoiceTaunt_f
0    1a128 Cmd_GameCommand_f
0    1a19d Cmd_Where_f
0    1a1bf Cmd_CallVote_f
0    1a479 Cmd_Vote_f
0    1a52f Cmd_CallTeamVote_f
0    1a855 Cmd_TeamVote_f
0    1a944 Cmd_SetViewpos_f
0    1a9d1 Cmd_Stats_f
0    1a9d4 ClientCommand
0    1acac ScorePlum
0    1ace1 AddScore
0    1ad2f TossClientItems
0    1ae09 LookAtKiller
0    1aedb GibEntity
0    1af46 body_die
0    1af66 CheckAlmostCapture
0    1b047 CheckAlmostScored
0    1b0e2 player_die
0    1b4f8 CheckArmor
0    1b555 RaySphereIntersections
0    1b6ff G_Damage
0    1bab8 CanDamage
0    1bbe3 G_RadiusDamage
0    1bd60 Pickup_Powerup
0    1beb3 Pickup_Holdable
0    1bee4 Add_Ammo
0    1bf1b Pickup_Ammo
0    1bf4c Pickup_Weapon
0    1c00b Pickup_Health
0    1c091 Pickup_Armor
0    1c0d5 RespawnItem
0    1c20d Touch_Item
0    1c444 LaunchItem
0    1c510 Drop_Item
0    1c573 Use_Item
0    1c57c FinishSpawningItem
0    1c6d3 G_CheckTeamItems
0    1c725 ClearRegisteredItems
0    1c749 RegisterItem
0    1c761 SaveRegisteredItems
0    1c7a9 G_ItemDisabled
0    1c7c2 G_SpawnItem
0    1c824 G_BounceItem
0    1c986 G_RunItem
0    1ca54 G_Alloc
0    1ca9f G_InitMemory
0    1caa5 Svcmd_GameMem_f
0    1cab2 SP_info_camp
0    1cac4 SP_info_null
0    1cacd SP_info_notnull
0    1cadf SP_light
0    1cae8 TeleportPlayer
0    1cc13 SP_misc_teleporter_dest
0    1cc16 SP_misc_model
0    1cc1f locateCamera
0    1ccfe SP_misc_portal_surface
0    1cd70 SP_misc_portal_camera
0    1cdc6 Use_Shooter
0    1ceec InitShooter_Finish
0    1cf10 InitShooter
0    1cf7e SP_shooter_rocket
0    1cf89 SP_shooter_plasma
0    1cf94 SP_shooter_grenade
0    1cf9f G_BounceMissile
0    1d0b6 G_ExplodeMissile
0    1d15c G_MissileImpact
0    1d415 G_RunMissile
0    1d502 fire_plasma
0    1d5df fire_grenade
0    1d6c2 fire_bfg
0    1d79f fire_rocket
0    1d87c fire_grapple
0    1d953 G_TestEntityPosition
0    1d9d0 G_CreateRotationMatrix
0    1d9f2 G_TransposeMatrix
0    1da33 G_RotatePoint
0    1da9f G_TryPushingEntity
0    1dd34 G_CheckProxMinePosition
0    1ddd1 G_TryPushingProxMine
0    1df03 G_MoverPush
0    1e213 G_MoverTeam
0    1e346 G_RunMover
0    1e377 SetMoverState
0    1e4b6 MatchTeam
0    1e4d6 ReturnToPos1
0    1e50b Reached_BinaryMover
0    1e5d2 Use_BinaryMover
0    1e703 InitMover
0    1e898 Blocked_Door
0    1e916 Touch_DoorTriggerSpectator
0    1e9ef Touch_DoorTrigger
0    1ea41 Think_SpawnNewDoorTrigger
0    1eb3c Think_MatchTeam
0    1eb52 SP_func_door
0    1ed10 Touch_Plat
0    1ed37 Touch_PlatCenterTrigger
0    1ed60 SpawnPlatTrigger
0    1ee4e SP_func_plat
0    1ef55 Touch_Button
0    1ef78 SP_func_button
0    1f0b6 Think_BeginMoving
0    1f0c6 Reached_Train
0    1f1ab Think_SetupTrainTargets
0    1f262 SP_path_corner
0    1f283 SP_func_train
0    1f318 SP_func_static
0    1f34b SP_func_rotating
0    1f3f1 SP_func_bobbing
0    1f4a3 SP_func_pendulum
0    1f55c G_WriteClientSessionData
0    1f5b2 G_ReadSessionData
0    1f60b G_InitSessionData
0    1f698 G_InitWorldSession
0    1f6bb G_WriteSessionData
0    1f6f6 G_SpawnString
0    1f73a G_SpawnFloat
0    1f75c G_SpawnInt
0    1f77e G_SpawnVector
0    1f7ad SP_item_botroam
0    1f7b0 G_CallSpawn
0    1f83a G_NewString
0    1f8be G_ParseField
0    1f9a6 G_SpawnGEntityFromSpawnVars
0    1fa91 G_AddSpawnVarToken
0    1fad2 G_ParseSpawnVars
0    1fb62 SP_worldspawn
0    1fc2e G_SpawnEntitiesFromString
0    1fc57 StringToFilter
0    1fd1f UpdateIPBans
0    1fdcc G_FilterPacket
0    1fe7c AddIP
0    1fed2 G_ProcessIPBans
0    1ff28 Svcmd_AddIP_f
0    1ff48 Svcmd_RemoveIP_f
0    1ffb0 Svcmd_EntityList_f
0    2006a ClientForString
0    20101 Svcmd_ForceTeam_f
0    20137 ConsoleCommand
0    2023a Use_Target_Give
0    20294 SP_target_give
0    2029d Use_target_remove_powerups
0    202e9 SP_target_remove_powerups
0    202f2 Think_Target_Delay
0    20305 Use_Target_Delay
0    20340 SP_target_delay
0    20373 Use_Target_Score
0    2038b SP_target_score
0    203a1 Use_Target_Print
0    20428 SP_target_print
0    20431 Use_Target_Speaker
0    204a4 SP_target_speaker
0    205a1 target_laser_think
0    206fd target_laser_on
0    20718 target_laser_off
0    20727 target_laser_use
0    20746 target_laser_start
0    207d7 SP_target_laser
0    207e9 target_teleporter_use
0    2081e SP_target_teleporter
0    20845 target_relay_use
0    208d6 SP_target_relay
0    208df target_kill_use
0    20900 SP_target_kill
0    20909 SP_target_position
0    2091b target_location_linkup
0    2098b SP_target_location
0    209ac Team_InitGame
0    209d7 OtherTeam
0    209ed TeamName
0    20a0a OtherTeamName
0    20a27 TeamColorString
0    20a44 PrintMsg
0    20a9a AddTeamScore
0    20b25 OnSameTeam
0    20b6d Team_SetFlagStatus
0    20bd9 Team_CheckDroppedItem
0    20c13 Team_ForceGesture
0    20c58 Team_FragBonuses
0    211e4 Team_CheckHurtCarrier
0    2127a Team_ResetFlag
0    212e4 Team_ResetFlags
0    212f5 Team_ReturnFlagSound
0    21332 Team_TakeFlagSound
0    213a1 Team_CaptureFlagSound
0    213de Team_ReturnFlag
0    2140f Team_FreeEntity
0    21443 Team_DroppedFlagThink
0    21484 Team_TouchOurFlag
0    21703 Team_TouchEnemyFlag
0    21760 Pickup_Team
0    217ca Team_GetLocation
0    21844 Team_GetLocationMsg
0    218ab SelectRandomTeamSpawnPoint
0    21947 SelectCTFSpawnPoint
0    2198c SortClients
0    21997 TeamplayInfoMessage
0    21af5 CheckTeamStatus
0    21baa SP_team_CTF_redplayer
0    21bad SP_team_CTF_blueplayer
0    21bb0 SP_team_CTF_redspawn
0    21bb3 SP_team_CTF_bluespawn
0    21bb6 InitTrigger
0    21bf5 multi_wait
0    21bfe multi_trigger
0    21cab Use_Multi
0    21cb7 Touch_Multi
0    21ccc SP_trigger_multiple
0    21d2b trigger_always_think
0    21d41 SP_trigger_always
0    21d53 trigger_push_touch
0    21d6b AimAtTarget
0    21e70 SP_trigger_push
0    21ead Use_target_push
0    21efc SP_target_push
0    21fba trigger_teleporter_touch
0    22010 SP_trigger_teleport
0    22057 hurt_use
0    2206f hurt_touch
0    220ee SP_trigger_hurt
0    2213b func_timer_think
0    22179 func_timer_use
0    22198 SP_func_timer
0    22212 AddRemap
0    22281 BuildShaderStateConfig
0    222c7 G_FindConfigstringIndex
0    22333 G_ModelIndex
0    22346 G_SoundIndex
0    22359 G_TeamCommand
0    22397 G_Find
0    223e6 G_PickTarget
0    2244c G_UseTargets
0    224eb tv
0    22519 vtos
0    22555 G_SetMovedir
0    225aa vectoyaw
0    22604 G_InitGentity
0    22626 G_Spawn
0    226d4 G_EntitiesFree
0    226ff G_FreeEntity
0    2272e G_TempEntity
0    2277c G_KillBox
0    22848 G_AddPredictableEvent
0    22863 G_AddEvent
0    228dc G_Sound
0    228f5 G_SetOrigin
0    22934 DebugLine
0    22a37 G_BounceProjectile
0    22af6 Weapon_Gauntlet
0    22af9 CheckGauntletAttack
0    22bef SnapVectorTowards
0    22c38 Bullet_Fire
0    22db9 BFG_Fire
0    22ded ShotgunPellet
0    22e74 ShotgunPattern
0    22f59 weapon_supershotgun_fire
0    22fd8 weapon_grenadelauncher_fire
0    2301c Weapon_RocketLauncher_Fire
0    23050 Weapon_Plasmagun_Fire
0    23084 weapon_railgun_fire
0    23294 Weapon_GrapplingHook_Fire
0    232bf Weapon_HookFree
0    232e8 Weapon_HookThink
0    2336e Weapon_LightningFire
0    23471 LogAccuracyHit
0    234c0 CalcMuzzlePoint
0    2354a CalcMuzzlePointOrigin
0    235d4 FireWeapon
0    236ae checkclient
0    236f7 Range
0    237d2 Visible
0    23834 Infront
0    238af AI_FindTarget
0    239ea SUB_AttackFinished
0    239fc HuntTarget
0    23aab AI_FoundTarget
0    23b08 AI_Stand
0    23b4b AI_WalkFrame
0    23b94 AI_RunFrame
0    23bd8 AI_InitForEntity
0    23bf5 AI_ClearEntity
0    23c0b AI_MoveToGoal
0    23c94 AI_SetMoveTarget
0    23caa Monster_DropToFloor
0    23d0b Monster_Die
0    23d43 WalkMonsterStart
0    23e9c grunt_stand1
0    23eba grunt_stand2
0    23ed8 grunt_stand3
0    23ef6 grunt_stand4
0    23f14 grunt_stand5
0    23f32 grunt_stand6
0    23f50 grunt_stand7
0    23f6e grunt_stand8
0    23f8c grunt_die1
0    23fa4 grunt_die2
0    23fbc grunt_die3
0    23fd4 grunt_die4
0    23fec grunt_die5
0    24004 grunt_die6
0    2401c grunt_die7
0    24034 grunt_die8
0    2404c grunt_die9
0    24064 grunt_die10
0    2407c grunt_diec1
0    24094 grunt_diec2
0    240ac grunt_diec3
0    240c4 grunt_diec4
0    240dc grunt_diec5
0    240f4 grunt_diec6
0    2410c grunt_diec7
0    24124 grunt_diec8
0    2413c grunt_diec9
0    24154 grunt_diec10
0    2416c grunt_diec11
0    24184 grunt_stand
0    2419d grunt_walk
0    241b8 grunt_run
0    241d3 grunt_attack
0    241ee grunt_pain
0    24207 grunt_die
0    24225 grunt_sight
0    24239 SP_monster_grunt_q1
0   14dba4 _stackStart
0   15dba4 _stackEnd
1        4 gameCvarTable
1      50c gameCvarTableSize
1      540 bg_itemlist
1      cc4 bg_numItems
1      d1c eventnames
1      e4c randSeed
1      ec0 pm_stopspeed
1      ec4 pm_duckScale
1      ec8 pm_swimScale
1      ecc pm_wadeScale
1      ed0 pm_accelerate
1      ed4 pm_airaccelerate
1      ed8 pm_wateraccelerate
1      edc pm_flyaccelerate
1      ee0 pm_friction
1      ee4 pm_waterfriction
1      ee8 pm_flightfriction
1      eec pm_spectatorfriction
1      ef0 c_pmove
1      f1c vec3_origin
1      f28 axisDefault
1      f4c colorBlack
1      f5c colorRed
1      f6c colorGreen
1      f7c colorBlue
1      f8c colorYellow
1      f9c colorMagenta
1      fac colorCyan
1      fbc colorWhite
1      fcc colorLtGrey
1      fdc colorMdGrey
1      fec colorDkGrey
1      ffc g_color_table
1     107c bytedirs
1     18cc VEC_UP
1     18d8 MOVEDIR_UP
1     18e4 VEC_DOWN
1     18f0 MOVEDIR_DOWN
1     1c88 offsetFirst
1     1c94 offsetSecond
1     1ca0 offsetThird
1     1cac playerMins
1     1cb8 playerMaxs
1     1cec gc_orders
1     1d08 gameNames
1     1d28 modNames
1     1db8 fields
1     1f08 spawns
1     2114 remapCount
1     217c checkpvs_client
2     59d7 ctfFlagStatusRemap
2     59dc oneFlagStatusRemap
3        0 g_listEntity
3      110 g_podiumDrop
3      220 g_podiumDist
3      330 g_logSync
3      440 g_log
3      550 g_clients
3     c750 g_rankings
3     c860 pmove_msec
3     c970 pmove_fixed
3     ca80 g_smoothClients
3     cb90 g_filterBan
3     cca0 g_banIPs
3     cdb0 g_teamForceBalance
3     cec0 g_teamAutoJoin
3     cfd0 g_allowVote
3     d0e0 g_blood
3     d1f0 g_doWarmup
3     d300 g_warmup
3     d410 g_motd
3     d520 g_synchronousClients
3     d630 g_weaponTeamRespawn
3     d740 g_weaponRespawn
3     d850 g_debugDamage
3     d960 g_debugAlloc
3     da70 g_debugMove
3     db80 g_inactivity
3     dc90 g_forcerespawn
3     dda0 g_quadfactor
3     deb0 g_knockback
3     dfc0 g_speed
3     e0d0 g_gravity
3     e1e0 g_needpass
3     e2f0 g_password
3     e400 g_friendlyFire
3     e510 g_capturelimit
3     e620 g_timelimit
3     e730 g_fraglimit
3     e840 g_dmflags
3     e950 g_restarted
3     ea60 g_maxGameClients
3     eb70 g_maxclients
3     ec80 g_cheats
3     ed90 g_dedicated
3     eea0 g_gametype
3     efb0 g_entities
3    dbfb0 level
3    de3b4 pml
3    de440 pm
3    f3e5c com_lines
3    f3e60 com_parsename
3    f4260 com_token
3    f4660 nodeswitch
3    f6310 numnodeswitches
3    f631c blue_numaltroutegoals
3    f6320 blue_altroutegoals
3    f6620 red_numaltroutegoals
3    f6624 red_altroutegoals
3    f6924 altroutegoals_setup
3    f6928 max_bspmodelindex
3    f692c lastteleport_time
3    f6930 lastteleport_origin
3    f693c g_spSkill
3    f6a4c bot_predictobstacles
3    f6b5c botai_freewaypoints
3    f6b60 botai_waypoints
3    f9d60 ctf_blueflag
3    f9d98 ctf_redflag
3    f9dd0 bot_challenge
3    f9ee0 bot_testrchat
3    f9ff0 bot_nochat
3    fa100 bot_fastchat
3    fa210 bot_rocketjump
3    fa320 bot_grapple
3    fa430 maxclients
3    fa434 gametype
3    fa444 notleader
3    fa550 ctftaskpreferences
3    faf5c bot_interbreedwrite
3    fb06c bot_interbreedcycle
3    fb17c bot_interbreedbots
3    fb28c bot_interbreedchar
3    fb39c bot_developer
3    fb4ac bot_testclusters
3    fb5bc bot_testsolid
3    fb6cc bot_report
3    fb7dc bot_pause
3    fb8ec bot_saveroutingcache
3    fb9fc bot_memorydump
3    fbb0c bot_thinktime
3    fbc1c bot_interbreedmatchcount
3    fbc20 bot_interbreed
3    fbc24 regularupdate_time
3    fbc28 numbots
3    fbc2c botstates
3    fbd2c floattime
3    fbe28 podium3
3    fbe2c podium2
3    fbe30 podium1
3    fbe38 bot_minplayers
3    fbf48 botSpawnQueue
3    fbfc8 g_arenaInfos
3    fcfc8 g_numArenas
3    fcfcc g_botInfos
3    fdfcc g_numBots
3    fe3d4 itemRegistered
3    fe7d4 allocPoint
3    fe7d8 memoryPool
3   13e7d8 pushed_p
3   13e7dc pushed
3   1467dc numIPFilters
3   1467e0 ipFilters
3   1487e0 neutralObelisk
3   1487e4 teamgame
3   149970 remappedShaders
3   14db70 muzzle
3   14db7c up
3   14db88 right
3   14db94 forward
3   14dba0 s_quadFactor
